---
source: src/mission_instructions.rs
assertion_line: 263
expression: result
---
(
    RobotPosition {
        coordinates: Coordinates {
            x: 1,
            y: 1,
        },
        orientation: East,
    },
    Lost,
)
