---
source: src/robots.rs
assertion_line: 186
expression: processed_robot
---
Robot {
    position: RobotPosition {
        coordinates: Coordinates {
            x: 0,
            y: 0,
        },
        orientation: East,
    },
    robot_commands: [],
    robot_status: Alive,
}
