---
source: src/robots.rs
assertion_line: 93
expression: moved
---
RobotPosition {
    coordinates: Coordinates {
        x: 3,
        y: 2,
    },
    orientation: East,
}
