---
source: src/robots.rs
assertion_line: 118
expression: processed_robot
---
Robot {
    position: RobotPosition {
        coordinates: Coordinates {
            x: 0,
            y: 0,
        },
        orientation: West,
    },
    robot_commands: [],
}
