---
source: src/robots.rs
assertion_line: 195
expression: processed_robot
---
Robot {
    position: RobotPosition {
        coordinates: Coordinates {
            x: 1,
            y: 1,
        },
        orientation: East,
    },
    robot_commands: [],
    robot_status: Alive,
}
