---
source: src/robots.rs
assertion_line: 168
expression: moved
---
RobotPosition {
    coordinates: Coordinates {
        x: 1,
        y: 2,
    },
    orientation: West,
}
